Refreshing run status every 15 seconds. Press Ctrl+C to quit.

* feat/security-pipeline CI pushkarchoudhari/ai-security-api#1 · 34030867641
Triggered via pull_request less than a minute ago

JOBS
* Supply chain and secrets (ID 101479987162)
  ✓ Set up job
  ✓ Run actions/checkout@v4
  ✓ Run actions/setup-python@v5
  * Install
  * bandit (SAST)
  * pip-audit (dependency CVEs)
  * gitleaks (committed secrets)
  * Post Run actions/setup-python@v5
  * Post Run actions/checkout@v4
* Lint and type check (ID 101479987261)
  ✓ Set up job
  ✓ Run actions/checkout@v4
  ✓ Run actions/setup-python@v5
  * Install
  * ruff
  * mypy
  * Post Run actions/setup-python@v5
  * Post Run actions/checkout@v4
* AI security gates (ID 101479987356)
  ✓ Set up job
  ✓ Run actions/checkout@v4
  ✓ Run actions/setup-python@v5
  * Install
  * Run mkdir -p artifacts
  * Prompt-injection red-team
  * Intent classification eval
  * Publish gate results
  * Run actions/upload-artifact@v4
  * Post Run actions/setup-python@v5
  * Post Run actions/checkout@v4
* Tests and coverage (ID 101479987559)
  ✓ Set up job
  ✓ Run actions/checkout@v4
  ✓ Run actions/setup-python@v5
  * Install
  * pytest
  * Publish coverage summary
  * Run actions/upload-artifact@v4
  * Post Run actions/setup-python@v5
  * Post Run actions/checkout@v4
Refreshing run status every 15 seconds. Press Ctrl+C to quit.

* feat/security-pipeline CI pushkarchoudhari/ai-security-api#1 · 34030867641
Triggered via pull_request less than a minute ago

JOBS
✓ Supply chain and secrets in 27s (ID 101479987162)
  ✓ Set up job
  ✓ Run actions/checkout@v4
  ✓ Run actions/setup-python@v5
  ✓ Install
  ✓ bandit (SAST)
  ✓ pip-audit (dependency CVEs)
  ✓ gitleaks (committed secrets)
  ✓ Post Run actions/setup-python@v5
  ✓ Post Run actions/checkout@v4
  ✓ Complete job
* Lint and type check (ID 101479987261)
  ✓ Set up job
  ✓ Run actions/checkout@v4
  ✓ Run actions/setup-python@v5
  ✓ Install
  ✓ ruff
  ✓ mypy
  ✓ Post Run actions/setup-python@v5
  * Post Run actions/checkout@v4
✓ AI security gates in 28s (ID 101479987356)
  ✓ Set up job
  ✓ Run actions/checkout@v4
  ✓ Run actions/setup-python@v5
  ✓ Install
  ✓ Run mkdir -p artifacts
  ✓ Prompt-injection red-team
  ✓ Intent classification eval
  ✓ Publish gate results
  ✓ Run actions/upload-artifact@v4
  ✓ Post Run actions/setup-python@v5
  ✓ Post Run actions/checkout@v4
  ✓ Complete job
* Tests and coverage (ID 101479987559)
  ✓ Set up job
  ✓ Run actions/checkout@v4
  ✓ Run actions/setup-python@v5
  * Install
  * pytest
  * Publish coverage summary
  * Run actions/upload-artifact@v4
  * Post Run actions/setup-python@v5
  * Post Run actions/checkout@v4

ANNOTATIONS
! Node.js 20 is deprecated. The following actions target Node.js 20 but are being forced to run on Node.js 24: actions/checkout@v4, actions/setup-python@v5, gitleaks/gitleaks-action@v2. For more information see: https://github.blog/changelog/2025-09-19-deprecation-of-node-20-on-github-actions-runners/
Supply chain and secrets: .github#2

! Node.js 20 is deprecated. The following actions target Node.js 20 but are being forced to run on Node.js 24: actions/checkout@v4, actions/setup-python@v5, actions/upload-artifact@v4. For more information see: https://github.blog/changelog/2025-09-19-deprecation-of-node-20-on-github-actions-runners/
AI security gates: .github#2

Refreshing run status every 15 seconds. Press Ctrl+C to quit.

* feat/security-pipeline CI pushkarchoudhari/ai-security-api#1 · 34030867641
Triggered via pull_request less than a minute ago

JOBS
✓ Supply chain and secrets in 27s (ID 101479987162)
  ✓ Set up job
  ✓ Run actions/checkout@v4
  ✓ Run actions/setup-python@v5
  ✓ Install
  ✓ bandit (SAST)
  ✓ pip-audit (dependency CVEs)
  ✓ gitleaks (committed secrets)
  ✓ Post Run actions/setup-python@v5
  ✓ Post Run actions/checkout@v4
  ✓ Complete job
✓ Lint and type check in 31s (ID 101479987261)
  ✓ Set up job
  ✓ Run actions/checkout@v4
  ✓ Run actions/setup-python@v5
  ✓ Install
  ✓ ruff
  ✓ mypy
  ✓ Post Run actions/setup-python@v5
  ✓ Post Run actions/checkout@v4
  ✓ Complete job
✓ AI security gates in 28s (ID 101479987356)
  ✓ Set up job
  ✓ Run actions/checkout@v4
  ✓ Run actions/setup-python@v5
  ✓ Install
  ✓ Run mkdir -p artifacts
  ✓ Prompt-injection red-team
  ✓ Intent classification eval
  ✓ Publish gate results
  ✓ Run actions/upload-artifact@v4
  ✓ Post Run actions/setup-python@v5
  ✓ Post Run actions/checkout@v4
  ✓ Complete job
✓ Tests and coverage in 40s (ID 101479987559)
  ✓ Set up job
  ✓ Run actions/checkout@v4
  ✓ Run actions/setup-python@v5
  ✓ Install
  ✓ pytest
  ✓ Publish coverage summary
  ✓ Run actions/upload-artifact@v4
  ✓ Post Run actions/setup-python@v5
  ✓ Post Run actions/checkout@v4
  ✓ Complete job
* Build, scan and sign image (ID 101480074193)
  ✓ Set up job
  ✓ Run actions/checkout@v4
  * Run docker/setup-buildx-action@v3
  * Build image
  * Trivy scan (CRITICAL blocks the build)
  * Trivy scan (HIGH, reported)
  * Upload Trivy findings
  * Smoke test the container
  * Container logs on failure
  * Stop container
  * Generate SBOM
  * Run actions/upload-artifact@v4
  * Log in to GHCR
  * Push image
  * Install cosign
  * Sign image (keyless)
  * Post Run docker/setup-buildx-action@v3
  * Post Run actions/checkout@v4

ANNOTATIONS
! Node.js 20 is deprecated. The following actions target Node.js 20 but are being forced to run on Node.js 24: actions/checkout@v4, actions/setup-python@v5, gitleaks/gitleaks-action@v2. For more information see: https://github.blog/changelog/2025-09-19-deprecation-of-node-20-on-github-actions-runners/
Supply chain and secrets: .github#2

! Node.js 20 is deprecated. The following actions target Node.js 20 but are being forced to run on Node.js 24: actions/checkout@v4, actions/setup-python@v5, actions/upload-artifact@v4. For more information see: https://github.blog/changelog/2025-09-19-deprecation-of-node-20-on-github-actions-runners/
AI security gates: .github#2

! Node.js 20 is deprecated. The following actions target Node.js 20 but are being forced to run on Node.js 24: actions/checkout@v4, actions/setup-python@v5, actions/upload-artifact@v4. For more information see: https://github.blog/changelog/2025-09-19-deprecation-of-node-20-on-github-actions-runners/
Tests and coverage: .github#2

Refreshing run status every 15 seconds. Press Ctrl+C to quit.

* feat/security-pipeline CI pushkarchoudhari/ai-security-api#1 · 34030867641
Triggered via pull_request about 1 minute ago

JOBS
✓ Supply chain and secrets in 27s (ID 101479987162)
  ✓ Set up job
  ✓ Run actions/checkout@v4
  ✓ Run actions/setup-python@v5
  ✓ Install
  ✓ bandit (SAST)
  ✓ pip-audit (dependency CVEs)
  ✓ gitleaks (committed secrets)
  ✓ Post Run actions/setup-python@v5
  ✓ Post Run actions/checkout@v4
  ✓ Complete job
✓ Lint and type check in 31s (ID 101479987261)
  ✓ Set up job
  ✓ Run actions/checkout@v4
  ✓ Run actions/setup-python@v5
  ✓ Install
  ✓ ruff
  ✓ mypy
  ✓ Post Run actions/setup-python@v5
  ✓ Post Run actions/checkout@v4
  ✓ Complete job
✓ AI security gates in 28s (ID 101479987356)
  ✓ Set up job
  ✓ Run actions/checkout@v4
  ✓ Run actions/setup-python@v5
  ✓ Install
  ✓ Run mkdir -p artifacts
  ✓ Prompt-injection red-team
  ✓ Intent classification eval
  ✓ Publish gate results
  ✓ Run actions/upload-artifact@v4
  ✓ Post Run actions/setup-python@v5
  ✓ Post Run actions/checkout@v4
  ✓ Complete job
✓ Tests and coverage in 40s (ID 101479987559)
  ✓ Set up job
  ✓ Run actions/checkout@v4
  ✓ Run actions/setup-python@v5
  ✓ Install
  ✓ pytest
  ✓ Publish coverage summary
  ✓ Run actions/upload-artifact@v4
  ✓ Post Run actions/setup-python@v5
  ✓ Post Run actions/checkout@v4
  ✓ Complete job
* Build, scan and sign image (ID 101480074193)
  ✓ Set up job
  ✓ Run actions/checkout@v4
  ✓ Run docker/setup-buildx-action@v3
  * Build image
  * Trivy scan (CRITICAL blocks the build)
  * Trivy scan (HIGH, reported)
  * Upload Trivy findings
  * Smoke test the container
  * Container logs on failure
  * Stop container
  * Generate SBOM
  * Run actions/upload-artifact@v4
  * Log in to GHCR
  * Push image
  * Install cosign
  * Sign image (keyless)
  * Post Build image
  * Post Run docker/setup-buildx-action@v3
  * Post Run actions/checkout@v4

ANNOTATIONS
! Node.js 20 is deprecated. The following actions target Node.js 20 but are being forced to run on Node.js 24: actions/checkout@v4, actions/setup-python@v5, gitleaks/gitleaks-action@v2. For more information see: https://github.blog/changelog/2025-09-19-deprecation-of-node-20-on-github-actions-runners/
Supply chain and secrets: .github#2

! Node.js 20 is deprecated. The following actions target Node.js 20 but are being forced to run on Node.js 24: actions/checkout@v4, actions/setup-python@v5, actions/upload-artifact@v4. For more information see: https://github.blog/changelog/2025-09-19-deprecation-of-node-20-on-github-actions-runners/
AI security gates: .github#2

! Node.js 20 is deprecated. The following actions target Node.js 20 but are being forced to run on Node.js 24: actions/checkout@v4, actions/setup-python@v5, actions/upload-artifact@v4. For more information see: https://github.blog/changelog/2025-09-19-deprecation-of-node-20-on-github-actions-runners/
Tests and coverage: .github#2

Refreshing run status every 15 seconds. Press Ctrl+C to quit.

* feat/security-pipeline CI pushkarchoudhari/ai-security-api#1 · 34030867641
Triggered via pull_request about 1 minute ago

JOBS
✓ Supply chain and secrets in 27s (ID 101479987162)
  ✓ Set up job
  ✓ Run actions/checkout@v4
  ✓ Run actions/setup-python@v5
  ✓ Install
  ✓ bandit (SAST)
  ✓ pip-audit (dependency CVEs)
  ✓ gitleaks (committed secrets)
  ✓ Post Run actions/setup-python@v5
  ✓ Post Run actions/checkout@v4
  ✓ Complete job
✓ Lint and type check in 31s (ID 101479987261)
  ✓ Set up job
  ✓ Run actions/checkout@v4
  ✓ Run actions/setup-python@v5
  ✓ Install
  ✓ ruff
  ✓ mypy
  ✓ Post Run actions/setup-python@v5
  ✓ Post Run actions/checkout@v4
  ✓ Complete job
✓ AI security gates in 28s (ID 101479987356)
  ✓ Set up job
  ✓ Run actions/checkout@v4
  ✓ Run actions/setup-python@v5
  ✓ Install
  ✓ Run mkdir -p artifacts
  ✓ Prompt-injection red-team
  ✓ Intent classification eval
  ✓ Publish gate results
  ✓ Run actions/upload-artifact@v4
  ✓ Post Run actions/setup-python@v5
  ✓ Post Run actions/checkout@v4
  ✓ Complete job
✓ Tests and coverage in 40s (ID 101479987559)
  ✓ Set up job
  ✓ Run actions/checkout@v4
  ✓ Run actions/setup-python@v5
  ✓ Install
  ✓ pytest
  ✓ Publish coverage summary
  ✓ Run actions/upload-artifact@v4
  ✓ Post Run actions/setup-python@v5
  ✓ Post Run actions/checkout@v4
  ✓ Complete job
* Build, scan and sign image (ID 101480074193)
  ✓ Set up job
  ✓ Run actions/checkout@v4
  ✓ Run docker/setup-buildx-action@v3
  * Build image
  * Trivy scan (CRITICAL blocks the build)
  * Trivy scan (HIGH, reported)
  * Upload Trivy findings
  * Smoke test the container
  * Container logs on failure
  * Stop container
  * Generate SBOM
  * Run actions/upload-artifact@v4
  * Log in to GHCR
  * Push image
  * Install cosign
  * Sign image (keyless)
  * Post Build image
  * Post Run docker/setup-buildx-action@v3
  * Post Run actions/checkout@v4

ANNOTATIONS
! Node.js 20 is deprecated. The following actions target Node.js 20 but are being forced to run on Node.js 24: actions/checkout@v4, actions/setup-python@v5, gitleaks/gitleaks-action@v2. For more information see: https://github.blog/changelog/2025-09-19-deprecation-of-node-20-on-github-actions-runners/
Supply chain and secrets: .github#2

! Node.js 20 is deprecated. The following actions target Node.js 20 but are being forced to run on Node.js 24: actions/checkout@v4, actions/setup-python@v5, actions/upload-artifact@v4. For more information see: https://github.blog/changelog/2025-09-19-deprecation-of-node-20-on-github-actions-runners/
AI security gates: .github#2

! Node.js 20 is deprecated. The following actions target Node.js 20 but are being forced to run on Node.js 24: actions/checkout@v4, actions/setup-python@v5, actions/upload-artifact@v4. For more information see: https://github.blog/changelog/2025-09-19-deprecation-of-node-20-on-github-actions-runners/
Tests and coverage: .github#2

Refreshing run status every 15 seconds. Press Ctrl+C to quit.

* feat/security-pipeline CI pushkarchoudhari/ai-security-api#1 · 34030867641
Triggered via pull_request about 1 minute ago

JOBS
✓ Supply chain and secrets in 27s (ID 101479987162)
  ✓ Set up job
  ✓ Run actions/checkout@v4
  ✓ Run actions/setup-python@v5
  ✓ Install
  ✓ bandit (SAST)
  ✓ pip-audit (dependency CVEs)
  ✓ gitleaks (committed secrets)
  ✓ Post Run actions/setup-python@v5
  ✓ Post Run actions/checkout@v4
  ✓ Complete job
✓ Lint and type check in 31s (ID 101479987261)
  ✓ Set up job
  ✓ Run actions/checkout@v4
  ✓ Run actions/setup-python@v5
  ✓ Install
  ✓ ruff
  ✓ mypy
  ✓ Post Run actions/setup-python@v5
  ✓ Post Run actions/checkout@v4
  ✓ Complete job
✓ AI security gates in 28s (ID 101479987356)
  ✓ Set up job
  ✓ Run actions/checkout@v4
  ✓ Run actions/setup-python@v5
  ✓ Install
  ✓ Run mkdir -p artifacts
  ✓ Prompt-injection red-team
  ✓ Intent classification eval
  ✓ Publish gate results
  ✓ Run actions/upload-artifact@v4
  ✓ Post Run actions/setup-python@v5
  ✓ Post Run actions/checkout@v4
  ✓ Complete job
✓ Tests and coverage in 40s (ID 101479987559)
  ✓ Set up job
  ✓ Run actions/checkout@v4
  ✓ Run actions/setup-python@v5
  ✓ Install
  ✓ pytest
  ✓ Publish coverage summary
  ✓ Run actions/upload-artifact@v4
  ✓ Post Run actions/setup-python@v5
  ✓ Post Run actions/checkout@v4
  ✓ Complete job
* Build, scan and sign image (ID 101480074193)
  ✓ Set up job
  ✓ Run actions/checkout@v4
  ✓ Run docker/setup-buildx-action@v3
  ✓ Build image
  * Trivy scan (CRITICAL blocks the build)
  * Trivy scan (HIGH, reported)
  * Upload Trivy findings
  * Smoke test the container
  * Container logs on failure
  * Stop container
  * Generate SBOM
  * Run actions/upload-artifact@v4
  * Log in to GHCR
  * Push image
  * Install cosign
  * Sign image (keyless)
  * Post Trivy scan (CRITICAL blocks the build)
  * Post Build image
  * Post Run docker/setup-buildx-action@v3
  * Post Run actions/checkout@v4

ANNOTATIONS
! Node.js 20 is deprecated. The following actions target Node.js 20 but are being forced to run on Node.js 24: actions/checkout@v4, actions/setup-python@v5, gitleaks/gitleaks-action@v2. For more information see: https://github.blog/changelog/2025-09-19-deprecation-of-node-20-on-github-actions-runners/
Supply chain and secrets: .github#2

! Node.js 20 is deprecated. The following actions target Node.js 20 but are being forced to run on Node.js 24: actions/checkout@v4, actions/setup-python@v5, actions/upload-artifact@v4. For more information see: https://github.blog/changelog/2025-09-19-deprecation-of-node-20-on-github-actions-runners/
AI security gates: .github#2

! Node.js 20 is deprecated. The following actions target Node.js 20 but are being forced to run on Node.js 24: actions/checkout@v4, actions/setup-python@v5, actions/upload-artifact@v4. For more information see: https://github.blog/changelog/2025-09-19-deprecation-of-node-20-on-github-actions-runners/
Tests and coverage: .github#2

Refreshing run status every 15 seconds. Press Ctrl+C to quit.

* feat/security-pipeline CI pushkarchoudhari/ai-security-api#1 · 34030867641
Triggered via pull_request about 1 minute ago

JOBS
✓ Supply chain and secrets in 27s (ID 101479987162)
  ✓ Set up job
  ✓ Run actions/checkout@v4
  ✓ Run actions/setup-python@v5
  ✓ Install
  ✓ bandit (SAST)
  ✓ pip-audit (dependency CVEs)
  ✓ gitleaks (committed secrets)
  ✓ Post Run actions/setup-python@v5
  ✓ Post Run actions/checkout@v4
  ✓ Complete job
✓ Lint and type check in 31s (ID 101479987261)
  ✓ Set up job
  ✓ Run actions/checkout@v4
  ✓ Run actions/setup-python@v5
  ✓ Install
  ✓ ruff
  ✓ mypy
  ✓ Post Run actions/setup-python@v5
  ✓ Post Run actions/checkout@v4
  ✓ Complete job
✓ AI security gates in 28s (ID 101479987356)
  ✓ Set up job
  ✓ Run actions/checkout@v4
  ✓ Run actions/setup-python@v5
  ✓ Install
  ✓ Run mkdir -p artifacts
  ✓ Prompt-injection red-team
  ✓ Intent classification eval
  ✓ Publish gate results
  ✓ Run actions/upload-artifact@v4
  ✓ Post Run actions/setup-python@v5
  ✓ Post Run actions/checkout@v4
  ✓ Complete job
✓ Tests and coverage in 40s (ID 101479987559)
  ✓ Set up job
  ✓ Run actions/checkout@v4
  ✓ Run actions/setup-python@v5
  ✓ Install
  ✓ pytest
  ✓ Publish coverage summary
  ✓ Run actions/upload-artifact@v4
  ✓ Post Run actions/setup-python@v5
  ✓ Post Run actions/checkout@v4
  ✓ Complete job
* Build, scan and sign image (ID 101480074193)
  ✓ Set up job
  ✓ Run actions/checkout@v4
  ✓ Run docker/setup-buildx-action@v3
  ✓ Build image
  ✓ Trivy scan (CRITICAL blocks the build)
  ✓ Trivy scan (HIGH, reported)
  ✓ Upload Trivy findings
  ✓ Smoke test the container
  - Container logs on failure
  ✓ Stop container
  ✓ Generate SBOM
  ✓ Run actions/upload-artifact@v4
  - Log in to GHCR
  - Push image
  - Install cosign
  - Sign image (keyless)
  ✓ Post Upload Trivy findings
  * Post Trivy scan (HIGH, reported)
  * Post Trivy scan (CRITICAL blocks the build)
  * Post Build image
  * Post Run docker/setup-buildx-action@v3
  * Post Run actions/checkout@v4

ANNOTATIONS
! Node.js 20 is deprecated. The following actions target Node.js 20 but are being forced to run on Node.js 24: actions/checkout@v4, actions/setup-python@v5, gitleaks/gitleaks-action@v2. For more information see: https://github.blog/changelog/2025-09-19-deprecation-of-node-20-on-github-actions-runners/
Supply chain and secrets: .github#2

! Node.js 20 is deprecated. The following actions target Node.js 20 but are being forced to run on Node.js 24: actions/checkout@v4, actions/setup-python@v5, actions/upload-artifact@v4. For more information see: https://github.blog/changelog/2025-09-19-deprecation-of-node-20-on-github-actions-runners/
AI security gates: .github#2

! Node.js 20 is deprecated. The following actions target Node.js 20 but are being forced to run on Node.js 24: actions/checkout@v4, actions/setup-python@v5, actions/upload-artifact@v4. For more information see: https://github.blog/changelog/2025-09-19-deprecation-of-node-20-on-github-actions-runners/
Tests and coverage: .github#2

✓ feat/security-pipeline CI pushkarchoudhari/ai-security-api#1 · 34030867641
Triggered via pull_request about 2 minutes ago

JOBS
✓ Supply chain and secrets in 27s (ID 101479987162)
  ✓ Set up job
  ✓ Run actions/checkout@v4
  ✓ Run actions/setup-python@v5
  ✓ Install
  ✓ bandit (SAST)
  ✓ pip-audit (dependency CVEs)
  ✓ gitleaks (committed secrets)
  ✓ Post Run actions/setup-python@v5
  ✓ Post Run actions/checkout@v4
  ✓ Complete job
✓ Lint and type check in 31s (ID 101479987261)
  ✓ Set up job
  ✓ Run actions/checkout@v4
  ✓ Run actions/setup-python@v5
  ✓ Install
  ✓ ruff
  ✓ mypy
  ✓ Post Run actions/setup-python@v5
  ✓ Post Run actions/checkout@v4
  ✓ Complete job
✓ AI security gates in 28s (ID 101479987356)
  ✓ Set up job
  ✓ Run actions/checkout@v4
  ✓ Run actions/setup-python@v5
  ✓ Install
  ✓ Run mkdir -p artifacts
  ✓ Prompt-injection red-team
  ✓ Intent classification eval
  ✓ Publish gate results
  ✓ Run actions/upload-artifact@v4
  ✓ Post Run actions/setup-python@v5
  ✓ Post Run actions/checkout@v4
  ✓ Complete job
✓ Tests and coverage in 40s (ID 101479987559)
  ✓ Set up job
  ✓ Run actions/checkout@v4
  ✓ Run actions/setup-python@v5
  ✓ Install
  ✓ pytest
  ✓ Publish coverage summary
  ✓ Run actions/upload-artifact@v4
  ✓ Post Run actions/setup-python@v5
  ✓ Post Run actions/checkout@v4
  ✓ Complete job
✓ Build, scan and sign image in 1m20s (ID 101480074193)
  ✓ Set up job
  ✓ Run actions/checkout@v4
  ✓ Run docker/setup-buildx-action@v3
  ✓ Build image
  ✓ Trivy scan (CRITICAL blocks the build)
  ✓ Trivy scan (HIGH, reported)
  ✓ Upload Trivy findings
  ✓ Smoke test the container
  - Container logs on failure
  ✓ Stop container
  ✓ Generate SBOM
  ✓ Run actions/upload-artifact@v4
  - Log in to GHCR
  - Push image
  - Install cosign
  - Sign image (keyless)
  ✓ Post Upload Trivy findings
  ✓ Post Trivy scan (HIGH, reported)
  ✓ Post Trivy scan (CRITICAL blocks the build)
  ✓ Post Build image
  ✓ Post Run docker/setup-buildx-action@v3
  ✓ Post Run actions/checkout@v4
  ✓ Complete job
- Deploy to Fly.io (ID 101480247961)

ANNOTATIONS
! Node.js 20 is deprecated. The following actions target Node.js 20 but are being forced to run on Node.js 24: actions/checkout@v4, actions/setup-python@v5, gitleaks/gitleaks-action@v2. For more information see: https://github.blog/changelog/2025-09-19-deprecation-of-node-20-on-github-actions-runners/
Supply chain and secrets: .github#2

! Node.js 20 is deprecated. The following actions target Node.js 20 but are being forced to run on Node.js 24: actions/checkout@v4, actions/setup-python@v5, actions/upload-artifact@v4. For more information see: https://github.blog/changelog/2025-09-19-deprecation-of-node-20-on-github-actions-runners/
AI security gates: .github#2

! Node.js 20 is deprecated. The following actions target Node.js 20 but are being forced to run on Node.js 24: actions/checkout@v4, actions/setup-python@v5, actions/upload-artifact@v4. For more information see: https://github.blog/changelog/2025-09-19-deprecation-of-node-20-on-github-actions-runners/
Tests and coverage: .github#2

! Node.js 20 is deprecated. The following actions target Node.js 20 but are being forced to run on Node.js 24: actions/checkout@v4, actions/upload-artifact@v4, docker/build-push-action@v6, docker/setup-buildx-action@v3, github/codeql-action/upload-sarif@v3. For more information see: https://github.blog/changelog/2025-09-19-deprecation-of-node-20-on-github-actions-runners/
Build, scan and sign image: .github#2

! CodeQL Action v3 will be deprecated in December 2026. Please update all occurrences of the CodeQL Action in your workflow files to v4. For more information, see https://github.blog/changelog/2025-10-28-upcoming-deprecation-of-codeql-action-v3/
Build, scan and sign image: .github#17

